1=Container
2=ScrollContainer
3=Dial
4=Arc
5=Image
6=Label
7=Button
8=IconButton
9=Checkbox
10=Led
11=Slider
12=Switch
13=Progress
14=List
15=ListItem
16=ListView
17=IconList
18=TextTrackingList
19=TextList
20=ModalDialog
21=ProgressBarSimple
22=DynamicNebula
23=CrtScreen
24=ScrollBar
25=SegmentedControl
26=TextArea
27=TextInput
28=NumberInput
29=ToggleGroup
30=TableView
31=TreeView
32=Dropdown
33=TabView
34=Roller
35=Spinner
36=Bar
37=PopupLayer
38=MessageBox
39=Menu
40=MenuItem
41=Radio
42=RadioGroup
43=Chart
44=Waveform
45=Gauge
46=PrimitivesCanvas
47=PerfOverlay
48=Stepper
49=Timeline
50=RichText
51=CodeBlock
52=ProgressWheel
53=WaveformView
54=BatteryGauge
55=HistogramView
56=RingIndication
57=TextBox
58=FoldablePanel
59=ProgressFlowing
60=CloudyGlass
61=NumberList
62=ProgressBarRound
63=SpinZoomWidget
64=SpinningWheel
65=ImageBox
66=MeterPointer
67=ProgressBarDrill
68=SpectrumView
69=BusyWheel
70=ConsoleBox
71=BatteryGasGauge
72=Histogram
